// Jest Snapshot v1, https://goo.gl/fbAQLP

exports[`MerchantList hides pagination and list of merchants if no merchants 1`] = `<div />`;

exports[`MerchantList renders component 1`] = `
<div>
  <div>
    merchant: '
    name
     
    lastname
    '
  </div>
  <div>
    merchant: '
    name 2
     
    lastname 2
    '
  </div>
  <div
    className="sc-AxjAm kSsZsT"
  >
    <div>
      <p
        id="pageCount"
      >
        '
        2
        '
      </p>
      <button
        id="pageChange"
        onClick={[Function]}
      />
    </div>
  </div>
</div>
`;
