// Jest Snapshot v1, https://goo.gl/fbAQLP

exports[`MerchantForm renders component by default 1`] = `
<div>
  <form
    onSubmit={[Function]}
  >
    Input component
    Input component
    Input component
    Input component
    Checkbox component
    File Input component
    Avatar Preview component
    Button component
  </form>
  <a
    href="/"
    onClick={[Function]}
  >
    Cancel
  </a>
</div>
`;

exports[`MerchantForm renders component with defined merchant 1`] = `
<div>
  <form
    onSubmit={[Function]}
  >
    Input component
    Input component
    Input component
    Input component
    Checkbox component
    File Input component
    Avatar Preview component
    Button component
  </form>
  <a
    href="/"
    onClick={[Function]}
  >
    Cancel
  </a>
</div>
`;
